[2026-08-02 23:09:51.752] [info] [embree] Generated 23034 ee queries through timestep 1/400 for armadillo-rollers.
[2026-08-02 23:10:01.576] [info] [embree] Generated 4628130 ee queries through timestep 26/400 for armadillo-rollers.
[2026-08-02 23:10:16.719] [info] [embree] Generated 13923544 ee queries through timestep 51/400 for armadillo-rollers.
[2026-08-02 23:10:31.479] [info] [embree] Generated 16226298 ee queries through timestep 76/400 for armadillo-rollers.
[2026-08-02 23:10:43.821] [info] [embree] Generated 20795153 ee queries through timestep 101/400 for armadillo-rollers.
[2026-08-02 23:11:05.950] [info] [embree] Generated 24441618 ee queries through timestep 126/400 for armadillo-rollers.
[2026-08-02 23:11:33.243] [info] [embree] Generated 26547367 ee queries through timestep 151/400 for armadillo-rollers.
[2026-08-02 23:12:00.440] [info] [embree] Generated 28217859 ee queries through timestep 176/400 for armadillo-rollers.
[2026-08-02 23:12:15.843] [info] [embree] Generated 29766790 ee queries through timestep 201/400 for armadillo-rollers.
[2026-08-02 23:12:29.294] [info] [embree] Generated 31174976 ee queries through timestep 226/400 for armadillo-rollers.
[2026-08-02 23:12:43.632] [info] [embree] Generated 33942230 ee queries through timestep 251/400 for armadillo-rollers.
[2026-08-02 23:12:58.264] [info] [embree] Generated 37128226 ee queries through timestep 276/400 for armadillo-rollers.
[2026-08-02 23:13:15.194] [info] [embree] Generated 41425806 ee queries through timestep 301/400 for armadillo-rollers.
[2026-08-02 23:13:34.582] [info] [embree] Generated 49172408 ee queries through timestep 326/400 for armadillo-rollers.
[2026-08-02 23:13:51.793] [info] [embree] Generated 59548927 ee queries through timestep 351/400 for armadillo-rollers.
[2026-08-02 23:14:00.199] [info] [embree] Generated 62733619 ee queries through timestep 376/400 for armadillo-rollers.
[2026-08-02 23:14:07.936] [info] [embree] Generated 64203554 ee queries through timestep 400/400 for armadillo-rollers.
[2026-08-02 23:14:07.938] [info] [silk_hybrid_ticcd] Processed 64203554 ee Embree queries for armadillo-rollers.
[2026-08-02 23:14:07.974] [info] [embree] Generated 5974 vf queries through timestep 1/400 for armadillo-rollers.
[2026-08-02 23:14:20.591] [info] [embree] Generated 1531790 vf queries through timestep 26/400 for armadillo-rollers.
[2026-08-02 23:14:45.157] [info] [embree] Generated 4902925 vf queries through timestep 51/400 for armadillo-rollers.
[2026-08-02 23:15:01.683] [info] [embree] Generated 5671674 vf queries through timestep 76/400 for armadillo-rollers.
[2026-08-02 23:15:18.253] [info] [embree] Generated 7244742 vf queries through timestep 101/400 for armadillo-rollers.
[2026-08-02 23:15:42.954] [info] [embree] Generated 8476143 vf queries through timestep 126/400 for armadillo-rollers.
[2026-08-02 23:16:10.189] [info] [embree] Generated 9163274 vf queries through timestep 151/400 for armadillo-rollers.
[2026-08-02 23:16:37.309] [info] [embree] Generated 9685432 vf queries through timestep 176/400 for armadillo-rollers.
[2026-08-02 23:16:57.465] [info] [embree] Generated 10164480 vf queries through timestep 201/400 for armadillo-rollers.
[2026-08-02 23:17:16.682] [info] [embree] Generated 10600990 vf queries through timestep 226/400 for armadillo-rollers.
[2026-08-02 23:17:33.220] [info] [embree] Generated 11506881 vf queries through timestep 251/400 for armadillo-rollers.
[2026-08-02 23:17:49.225] [info] [embree] Generated 12475605 vf queries through timestep 276/400 for armadillo-rollers.
[2026-08-02 23:18:05.037] [info] [embree] Generated 13782360 vf queries through timestep 301/400 for armadillo-rollers.
[2026-08-02 23:18:22.368] [info] [embree] Generated 16344717 vf queries through timestep 326/400 for armadillo-rollers.
[2026-08-02 23:18:36.647] [info] [embree] Generated 20328956 vf queries through timestep 351/400 for armadillo-rollers.
[2026-08-02 23:18:45.058] [info] [embree] Generated 21449874 vf queries through timestep 376/400 for armadillo-rollers.
[2026-08-02 23:18:50.682] [info] [embree] Generated 21870776 vf queries through timestep 400/400 for armadillo-rollers.
[2026-08-02 23:18:50.682] [info] [silk_hybrid_ticcd] Processed 21870776 vf Embree queries for armadillo-rollers.
[2026-08-02 23:18:51.307] [info] [embree] Generated 16687 ee queries through timestep 1/93 for cloth-ball.
[2026-08-02 23:18:52.725] [info] [embree] Generated 6593599 ee queries through timestep 26/93 for cloth-ball.
[2026-08-02 23:18:53.487] [info] [embree] Generated 8377877 ee queries through timestep 51/93 for cloth-ball.
[2026-08-02 23:20:45.061] [info] [embree] Generated 81404642 ee queries through timestep 76/93 for cloth-ball.
[2026-08-02 23:21:58.875] [info] [embree] Generated 139413234 ee queries through timestep 93/93 for cloth-ball.
[2026-08-02 23:21:58.892] [info] [silk_hybrid_ticcd] Processed 139413234 ee Embree queries for cloth-ball.
[2026-08-02 23:21:58.965] [info] [embree] Generated 1299 vf queries through timestep 1/93 for cloth-ball.
[2026-08-02 23:21:59.712] [info] [embree] Generated 2041373 vf queries through timestep 26/93 for cloth-ball.
[2026-08-02 23:22:00.325] [info] [embree] Generated 2455959 vf queries through timestep 51/93 for cloth-ball.
[2026-08-02 23:22:21.856] [info] [embree] Generated 28843612 vf queries through timestep 76/93 for cloth-ball.
[2026-08-02 23:22:40.109] [info] [embree] Generated 47619038 vf queries through timestep 93/93 for cloth-ball.
[2026-08-02 23:22:40.115] [info] [silk_hybrid_ticcd] Processed 47619038 vf Embree queries for cloth-ball.
[2026-08-02 23:22:40.855] [info] [embree] Generated 10528 ee queries through timestep 1/499 for cloth-funnel.
[2026-08-02 23:22:41.052] [info] [embree] Generated 688697 ee queries through timestep 26/499 for cloth-funnel.
[2026-08-02 23:22:41.220] [info] [embree] Generated 1384379 ee queries through timestep 51/499 for cloth-funnel.
[2026-08-02 23:22:41.396] [info] [embree] Generated 2077803 ee queries through timestep 76/499 for cloth-funnel.
[2026-08-02 23:22:41.569] [info] [embree] Generated 2772287 ee queries through timestep 101/499 for cloth-funnel.
[2026-08-02 23:22:41.754] [info] [embree] Generated 3474805 ee queries through timestep 126/499 for cloth-funnel.
[2026-08-02 23:22:41.942] [info] [embree] Generated 4257626 ee queries through timestep 151/499 for cloth-funnel.
[2026-08-02 23:22:42.148] [info] [embree] Generated 5098200 ee queries through timestep 176/499 for cloth-funnel.
[2026-08-02 23:22:42.370] [info] [embree] Generated 5966595 ee queries through timestep 201/499 for cloth-funnel.
[2026-08-02 23:22:42.756] [info] [embree] Generated 6893580 ee queries through timestep 226/499 for cloth-funnel.
[2026-08-02 23:22:43.027] [info] [embree] Generated 7763976 ee queries through timestep 251/499 for cloth-funnel.
[2026-08-02 23:22:43.347] [info] [embree] Generated 8652034 ee queries through timestep 276/499 for cloth-funnel.
[2026-08-02 23:22:43.938] [info] [embree] Generated 9628412 ee queries through timestep 301/499 for cloth-funnel.
[2026-08-02 23:22:45.725] [info] [embree] Generated 10747021 ee queries through timestep 326/499 for cloth-funnel.
[2026-08-02 23:22:46.256] [info] [embree] Generated 11964751 ee queries through timestep 351/499 for cloth-funnel.
[2026-08-02 23:22:46.784] [info] [embree] Generated 13120208 ee queries through timestep 376/499 for cloth-funnel.
[2026-08-02 23:22:47.497] [info] [embree] Generated 16277147 ee queries through timestep 401/499 for cloth-funnel.
[2026-08-02 23:22:48.575] [info] [embree] Generated 25414363 ee queries through timestep 426/499 for cloth-funnel.
[2026-08-02 23:22:48.861] [info] [embree] Generated 25866184 ee queries through timestep 451/499 for cloth-funnel.
[2026-08-02 23:22:49.119] [info] [embree] Generated 26201129 ee queries through timestep 476/499 for cloth-funnel.
[2026-08-02 23:22:49.338] [info] [embree] Generated 26508092 ee queries through timestep 499/499 for cloth-funnel.
[2026-08-02 23:22:49.338] [info] [silk_hybrid_ticcd] Processed 26508092 ee Embree queries for cloth-funnel.
[2026-08-02 23:22:49.352] [info] [embree] Generated 2385 vf queries through timestep 1/499 for cloth-funnel.
[2026-08-02 23:22:49.841] [info] [embree] Generated 229365 vf queries through timestep 26/499 for cloth-funnel.
[2026-08-02 23:22:50.034] [info] [embree] Generated 496916 vf queries through timestep 51/499 for cloth-funnel.
[2026-08-02 23:22:50.213] [info] [embree] Generated 763906 vf queries through timestep 76/499 for cloth-funnel.
[2026-08-02 23:22:50.387] [info] [embree] Generated 1030762 vf queries through timestep 101/499 for cloth-funnel.
[2026-08-02 23:22:50.566] [info] [embree] Generated 1299325 vf queries through timestep 126/499 for cloth-funnel.
[2026-08-02 23:22:51.253] [info] [embree] Generated 1576987 vf queries through timestep 151/499 for cloth-funnel.
[2026-08-02 23:22:52.074] [info] [embree] Generated 1830779 vf queries through timestep 176/499 for cloth-funnel.
[2026-08-02 23:22:52.347] [info] [embree] Generated 2053314 vf queries through timestep 201/499 for cloth-funnel.
[2026-08-02 23:22:52.564] [info] [embree] Generated 2265606 vf queries through timestep 226/499 for cloth-funnel.
[2026-08-02 23:22:52.754] [info] [embree] Generated 2441206 vf queries through timestep 251/499 for cloth-funnel.
[2026-08-02 23:22:52.938] [info] [embree] Generated 2600492 vf queries through timestep 276/499 for cloth-funnel.
[2026-08-02 23:22:53.254] [info] [embree] Generated 2772179 vf queries through timestep 301/499 for cloth-funnel.
[2026-08-02 23:22:54.281] [info] [embree] Generated 2969878 vf queries through timestep 326/499 for cloth-funnel.
[2026-08-02 23:22:54.608] [info] [embree] Generated 3176160 vf queries through timestep 351/499 for cloth-funnel.
[2026-08-02 23:22:54.941] [info] [embree] Generated 3368288 vf queries through timestep 376/499 for cloth-funnel.
[2026-08-02 23:22:55.310] [info] [embree] Generated 4191977 vf queries through timestep 401/499 for cloth-funnel.
[2026-08-02 23:22:55.701] [info] [embree] Generated 7442259 vf queries through timestep 426/499 for cloth-funnel.
[2026-08-02 23:22:55.861] [info] [embree] Generated 7536007 vf queries through timestep 451/499 for cloth-funnel.
[2026-08-02 23:22:56.070] [info] [embree] Generated 7605358 vf queries through timestep 476/499 for cloth-funnel.
[2026-08-02 23:22:56.267] [info] [embree] Generated 7668966 vf queries through timestep 499/499 for cloth-funnel.
[2026-08-02 23:22:56.267] [info] [silk_hybrid_ticcd] Processed 7668966 vf Embree queries for cloth-funnel.
Terminated                 ./build/linux_release_cuda/test/narrowphase/narrowphase_benchmark --repetitions 1 --out hybrid_ticcd.csv --ccd silk_hybrid_ticcd
[2026-08-02 23:28:25.678] [info] [embree] Generated 23034 ee queries through timestep 1/400 for armadillo-rollers.
[2026-08-02 23:28:34.411] [info] [embree] Generated 4628130 ee queries through timestep 26/400 for armadillo-rollers.
[2026-08-02 23:28:48.800] [info] [embree] Generated 13923544 ee queries through timestep 51/400 for armadillo-rollers.
[2026-08-02 23:29:04.256] [info] [embree] Generated 16226298 ee queries through timestep 76/400 for armadillo-rollers.
[2026-08-02 23:29:16.473] [info] [embree] Generated 20795153 ee queries through timestep 101/400 for armadillo-rollers.
[2026-08-02 23:29:45.630] [info] [embree] Generated 24441618 ee queries through timestep 126/400 for armadillo-rollers.
[2026-08-02 23:30:22.209] [info] [embree] Generated 26547367 ee queries through timestep 151/400 for armadillo-rollers.
[2026-08-02 23:31:08.052] [info] [embree] Generated 28217859 ee queries through timestep 176/400 for armadillo-rollers.
[2026-08-02 23:31:33.947] [info] [embree] Generated 29766790 ee queries through timestep 201/400 for armadillo-rollers.
[2026-08-02 23:31:57.689] [info] [embree] Generated 31174976 ee queries through timestep 226/400 for armadillo-rollers.
[2026-08-02 23:32:22.201] [info] [embree] Generated 33942230 ee queries through timestep 251/400 for armadillo-rollers.
[2026-08-02 23:32:43.165] [info] [embree] Generated 37128226 ee queries through timestep 276/400 for armadillo-rollers.
[2026-08-02 23:33:05.069] [info] [embree] Generated 41425806 ee queries through timestep 301/400 for armadillo-rollers.
[2026-08-02 23:33:28.065] [info] [embree] Generated 49172408 ee queries through timestep 326/400 for armadillo-rollers.
[2026-08-02 23:33:54.183] [info] [embree] Generated 59548927 ee queries through timestep 351/400 for armadillo-rollers.
[2026-08-02 23:34:05.676] [info] [embree] Generated 62733619 ee queries through timestep 376/400 for armadillo-rollers.
[2026-08-02 23:34:13.862] [info] [embree] Generated 64203554 ee queries through timestep 400/400 for armadillo-rollers.
[2026-08-02 23:34:13.862] [info] [silk_ticcd] Processed 64203554 ee Embree queries for armadillo-rollers.
[2026-08-02 23:34:13.905] [info] [embree] Generated 5974 vf queries through timestep 1/400 for armadillo-rollers.
[2026-08-02 23:34:30.628] [info] [embree] Generated 1531790 vf queries through timestep 26/400 for armadillo-rollers.
[2026-08-02 23:34:53.715] [info] [embree] Generated 4902925 vf queries through timestep 51/400 for armadillo-rollers.
[2026-08-02 23:35:08.080] [info] [embree] Generated 5671674 vf queries through timestep 76/400 for armadillo-rollers.
[2026-08-02 23:35:22.512] [info] [embree] Generated 7244742 vf queries through timestep 101/400 for armadillo-rollers.
[2026-08-02 23:35:50.340] [info] [embree] Generated 8476143 vf queries through timestep 126/400 for armadillo-rollers.
[2026-08-02 23:36:18.656] [info] [embree] Generated 9163274 vf queries through timestep 151/400 for armadillo-rollers.
[2026-08-02 23:36:51.816] [info] [embree] Generated 9685432 vf queries through timestep 176/400 for armadillo-rollers.
[2026-08-02 23:37:18.490] [info] [embree] Generated 10164480 vf queries through timestep 201/400 for armadillo-rollers.
[2026-08-02 23:37:43.502] [info] [embree] Generated 10600990 vf queries through timestep 226/400 for armadillo-rollers.
[2026-08-02 23:38:07.747] [info] [embree] Generated 11506881 vf queries through timestep 251/400 for armadillo-rollers.
[2026-08-02 23:38:30.532] [info] [embree] Generated 12475605 vf queries through timestep 276/400 for armadillo-rollers.
[2026-08-02 23:38:51.279] [info] [embree] Generated 13782360 vf queries through timestep 301/400 for armadillo-rollers.
[2026-08-02 23:39:12.582] [info] [embree] Generated 16344717 vf queries through timestep 326/400 for armadillo-rollers.
[2026-08-02 23:39:38.560] [info] [embree] Generated 20328956 vf queries through timestep 351/400 for armadillo-rollers.
